"","XMock1","XMock2","XMock3"
"XFJ981654.1.1204",3749,6748,16855
"XHM046431.1.1200",3037,5648,10350
"XKR029790.1.1200",2038,3596,9814
"XLN611354.1.1200",1792,3369,9550
"XKF571471.1.1207",1818,3389,9169
"XAJ239312.1.1355",2073,4352,6481
"XKX984117.1.1262",1587,2902,7034
"XFJ503081.1.1238",1143,2711,6050
"XEU156766.1.1269",1495,2447,5412
"XKT873246.1.1201",1319,2354,3709
"XKX792217.1.1200",993,1597,4762
"XAE000513.2467934.2469435",1595,3079,1979
"XLC198619.1.1220",1088,2752,2760
"XEU455199.1.1210",771,1728,3711
"XKX212247.1.1200",1408,2983,1184
"XKX792215.1.1201",828,1622,2576
"XKF084610.1.1355",581,1273,2119
"XCVLP01000086.4757.6053",502,935,1577
"XDQ801220.1.1342",206,570,1105
"XEU765294.1.1363",199,537,994
"XCAQA01000070.1409.4877",0,0,718
"XCP000721.924919.926423",0,210,498
"XGFIM01005958.9.1236",51,70,13
"XDQ796136.1.1225",19,0,0
"XFJ371873.1.1224",16,0,0
"XGQ448970.1.1284",0,16,0
"XAY981913.1.1349",0,0,9
"XDQ823971.1.1252",0,0,8
"XJQ189739.1.1362",7,0,0
"XEU776908.1.1289",7,0,0
"XJQ186757.1.1359",5,0,0
"XEU762772.1.1354",4,0,0
"XDQ441256.1.1313",0,4,0
"XEU767188.1.1370",0,0,4
"XEU510027.1.1344",2,0,0
"XDQ793742.1.1312",2,0,0
"XFJ753830.1.1232",2,0,0
"X4cddfed97ed397e48febf56da534b2a7",0,13,0
"Xf0a99f591da5ea357f519648de1daf71",0,12,0
"Xe028a0db64a79ab1ec86a07447ad726e",0,4,0
