"","Kingdom","Phylum","Class","Order","Family","Genus","Species"
"XFJ981654.1.1204","d__Bacteria","Firmicutes","Bacilli","Staphylococcales","Staphylococcaceae","Staphylococcus",NA
"XHM046431.1.1200","d__Bacteria","Campilobacterota","Campylobacteria","Campylobacterales","Helicobacteraceae","Helicobacter","Helicobacter_pylori"
"XKR029790.1.1200","d__Bacteria","Firmicutes","Bacilli","Bacillales","Bacillaceae","Bacillus",NA
"XLN611354.1.1200","d__Bacteria","Proteobacteria","Gammaproteobacteria","Pseudomonadales","Moraxellaceae","Acinetobacter",NA
"XKF571471.1.1207","d__Bacteria","Firmicutes","Bacilli","Lactobacillales","Listeriaceae","Listeria",NA
"XAJ239312.1.1355","d__Bacteria","Proteobacteria","Gammaproteobacteria","Burkholderiales","Neisseriaceae","Neisseria",NA
"XKX984117.1.1262","d__Bacteria","Firmicutes","Clostridia","Clostridiales","Clostridiaceae","Clostridium_sensu_stricto_1",NA
"XFJ503081.1.1238","d__Bacteria","Bacteroidota","Bacteroidia","Bacteroidales","Bacteroidaceae","Bacteroides",NA
"XEU156766.1.1269","d__Bacteria","Firmicutes","Bacilli","Lactobacillales","Streptococcaceae","Streptococcus","Streptococcus_mutans"
"XKT873246.1.1201","d__Bacteria","Proteobacteria","Gammaproteobacteria","Enterobacterales","Enterobacteriaceae","Escherichia-Shigella",NA
"XKX792217.1.1200","d__Bacteria","Firmicutes","Bacilli","Lactobacillales","Enterococcaceae","Enterococcus",NA
"XAE000513.2467934.2469435","d__Bacteria","Deinococcota","Deinococci","Deinococcales","Deinococcaceae","Deinococcus","Deinococcus_radiodurans"
"XLC198619.1.1220","d__Bacteria","Proteobacteria","Alphaproteobacteria","Rhodobacterales","Rhodobacteraceae","Rhodobacter",NA
"XEU455199.1.1210","d__Bacteria","Firmicutes","Bacilli","Lactobacillales","Lactobacillaceae","Lactobacillus",NA
"XKX212247.1.1200","d__Bacteria","Proteobacteria","Gammaproteobacteria","Pseudomonadales","Pseudomonadaceae","Pseudomonas",NA
"XKX792215.1.1201","d__Bacteria","Firmicutes","Bacilli","Lactobacillales","Streptococcaceae","Streptococcus","Streptococcus_agalactiae"
"XKF084610.1.1355","d__Bacteria","Actinobacteriota","Actinobacteria","Actinomycetales","Actinomycetaceae","Actinomyces",NA
"XCVLP01000086.4757.6053","d__Bacteria","Firmicutes","Bacilli","Lactobacillales","Streptococcaceae","Streptococcus",NA
"XDQ801220.1.1342","d__Bacteria","Bacteroidota","Bacteroidia","Bacteroidales","Bacteroidaceae","Bacteroides",NA
"XEU765294.1.1363","d__Bacteria","Bacteroidota","Bacteroidia","Bacteroidales","Bacteroidaceae","Bacteroides",NA
"XCAQA01000070.1409.4877","d__Bacteria","Firmicutes","Bacilli","Lactobacillales","Streptococcaceae","Streptococcus",NA
"XCP000721.924919.926423","d__Bacteria","Firmicutes","Clostridia","Clostridiales","Clostridiaceae","Clostridium_sensu_stricto_1",NA
"XGFIM01005958.9.1236","d__Bacteria","Actinobacteriota","Actinobacteria","Propionibacteriales","Propionibacteriaceae","Cutibacterium",NA
"XDQ796136.1.1225","d__Bacteria","Firmicutes","Clostridia","Lachnospirales","Lachnospiraceae","Blautia",NA
"XFJ371873.1.1224","d__Bacteria","Firmicutes","Clostridia","Oscillospirales","Ruminococcaceae","Faecalibacterium",NA
"XGQ448970.1.1284","d__Bacteria","Bacteroidota","Bacteroidia","Bacteroidales","Prevotellaceae","Prevotella",NA
"XAY981913.1.1349","d__Bacteria","Bacteroidota","Bacteroidia","Bacteroidales","Bacteroidaceae","Bacteroides",NA
"XDQ823971.1.1252","d__Bacteria","Verrucomicrobiota","Verrucomicrobiae","Verrucomicrobiales","Akkermansiaceae","Akkermansia","Akkermansia_muciniphila"
"XJQ189739.1.1362","d__Bacteria","Bacteroidota","Bacteroidia","Bacteroidales","Prevotellaceae","Alloprevotella",NA
"XEU776908.1.1289","d__Bacteria","Firmicutes","Bacilli","Erysipelotrichales","Erysipelatoclostridiaceae","Catenibacterium",NA
"XJQ186757.1.1359","d__Bacteria","Bacteroidota","Bacteroidia","Bacteroidales","Prevotellaceae","Prevotella",NA
"XEU762772.1.1354","d__Bacteria","Firmicutes","Clostridia","Lachnospirales","Lachnospiraceae","Lachnospiraceae_UCG-003","uncultured_bacterium"
"XDQ441256.1.1313","d__Bacteria","Bacteroidota","Bacteroidia","Bacteroidales","Rikenellaceae","Alistipes",NA
"XEU767188.1.1370","d__Bacteria","Firmicutes","Clostridia","Lachnospirales","Lachnospiraceae","[Eubacterium]_xylanophilum_group","uncultured_organism"
"XEU510027.1.1344","d__Bacteria","Firmicutes","Clostridia","Lachnospirales","Lachnospiraceae","Blautia",NA
"XDQ793742.1.1312","d__Bacteria","Firmicutes","Bacilli","Erysipelotrichales","Erysipelatoclostridiaceae","Erysipelotrichaceae_UCG-003",NA
"XFJ753830.1.1232","d__Bacteria","Firmicutes","Clostridia","Clostridiales","Clostridiaceae","Clostridium_sensu_stricto_1",NA
"X4cddfed97ed397e48febf56da534b2a7","d__Bacteria","Proteobacteria","Gammaproteobacteria",NA,NA,NA,NA
"Xf0a99f591da5ea357f519648de1daf71","d__Bacteria","Firmicutes","Bacilli","Lactobacillales","Listeriaceae","Listeria","Listeria_marthii"
"Xe028a0db64a79ab1ec86a07447ad726e","d__Bacteria","Firmicutes","Clostridia","Clostridiales","Clostridiaceae","Clostridium_sensu_stricto_1",NA
